2026-10-07 00:26:12,436 | INFO    | scrapers.books_scraper | Starting Books to Scrape
2026-10-07 00:26:14,659 | INFO    | scrapers.base | Page 1 OK: https://books.toscrape.com/ (20 items, running total 20)
2026-10-07 00:26:15,318 | INFO    | scrapers.base | Page 2 OK: https://books.toscrape.com/catalogue/page-2.html (20 items, running total 40)
2026-10-07 00:26:15,974 | INFO    | scrapers.base | Page 3 OK: https://books.toscrape.com/catalogue/page-3.html (20 items, running total 60)
2026-10-07 00:26:16,316 | INFO    | scrapers.base | Page 4 OK: https://books.toscrape.com/catalogue/page-4.html (20 items, running total 80)
2026-10-07 00:26:16,649 | INFO    | scrapers.base | Page 5 OK: https://books.toscrape.com/catalogue/page-5.html (20 items, running total 100)
2026-10-07 00:26:16,978 | INFO    | scrapers.base | Page 6 OK: https://books.toscrape.com/catalogue/page-6.html (20 items, running total 120)
2026-10-07 00:26:17,324 | INFO    | scrapers.base | Page 7 OK: https://books.toscrape.com/catalogue/page-7.html (20 items, running total 140)
2026-10-07 00:26:17,723 | INFO    | scrapers.base | Page 8 OK: https://books.toscrape.com/catalogue/page-8.html (20 items, running total 160)
2026-10-07 00:26:18,062 | INFO    | scrapers.base | Page 9 OK: https://books.toscrape.com/catalogue/page-9.html (20 items, running total 180)
2026-10-07 00:26:18,500 | INFO    | scrapers.base | Page 10 OK: https://books.toscrape.com/catalogue/page-10.html (20 items, running total 200)
2026-10-07 00:26:18,978 | INFO    | scrapers.base | Page 11 OK: https://books.toscrape.com/catalogue/page-11.html (20 items, running total 220)
2026-10-07 00:26:19,311 | INFO    | scrapers.base | Page 12 OK: https://books.toscrape.com/catalogue/page-12.html (20 items, running total 240)
2026-10-07 00:26:19,646 | INFO    | scrapers.base | Page 13 OK: https://books.toscrape.com/catalogue/page-13.html (20 items, running total 260)
2026-10-07 00:26:20,098 | INFO    | scrapers.base | Page 14 OK: https://books.toscrape.com/catalogue/page-14.html (20 items, running total 280)
2026-10-07 00:26:20,571 | INFO    | scrapers.base | Page 15 OK: https://books.toscrape.com/catalogue/page-15.html (20 items, running total 300)
2026-10-07 00:26:20,912 | INFO    | scrapers.base | Page 16 OK: https://books.toscrape.com/catalogue/page-16.html (20 items, running total 320)
2026-10-07 00:26:21,293 | INFO    | scrapers.base | Page 17 OK: https://books.toscrape.com/catalogue/page-17.html (20 items, running total 340)
2026-10-07 00:26:21,642 | INFO    | scrapers.base | Page 18 OK: https://books.toscrape.com/catalogue/page-18.html (20 items, running total 360)
2026-10-07 00:26:22,013 | INFO    | scrapers.base | Page 19 OK: https://books.toscrape.com/catalogue/page-19.html (20 items, running total 380)
2026-10-07 00:26:22,491 | INFO    | scrapers.base | Page 20 OK: https://books.toscrape.com/catalogue/page-20.html (20 items, running total 400)
2026-10-07 00:26:22,847 | INFO    | scrapers.base | Page 21 OK: https://books.toscrape.com/catalogue/page-21.html (20 items, running total 420)
2026-10-07 00:26:23,222 | INFO    | scrapers.base | Page 22 OK: https://books.toscrape.com/catalogue/page-22.html (20 items, running total 440)
2026-10-07 00:26:23,615 | INFO    | scrapers.base | Page 23 OK: https://books.toscrape.com/catalogue/page-23.html (20 items, running total 460)
2026-10-07 00:26:23,972 | INFO    | scrapers.base | Page 24 OK: https://books.toscrape.com/catalogue/page-24.html (20 items, running total 480)
2026-10-07 00:26:24,331 | INFO    | scrapers.base | Page 25 OK: https://books.toscrape.com/catalogue/page-25.html (20 items, running total 500)
2026-10-07 00:26:24,676 | INFO    | scrapers.base | Page 26 OK: https://books.toscrape.com/catalogue/page-26.html (20 items, running total 520)
2026-10-07 00:26:25,061 | INFO    | scrapers.base | Page 27 OK: https://books.toscrape.com/catalogue/page-27.html (20 items, running total 540)
2026-10-07 00:26:25,541 | INFO    | scrapers.base | Page 28 OK: https://books.toscrape.com/catalogue/page-28.html (20 items, running total 560)
2026-10-07 00:26:25,893 | INFO    | scrapers.base | Page 29 OK: https://books.toscrape.com/catalogue/page-29.html (20 items, running total 580)
2026-10-07 00:26:26,284 | INFO    | scrapers.base | Page 30 OK: https://books.toscrape.com/catalogue/page-30.html (20 items, running total 600)
2026-10-07 00:26:26,670 | INFO    | scrapers.base | Page 31 OK: https://books.toscrape.com/catalogue/page-31.html (20 items, running total 620)
2026-10-07 00:26:27,140 | INFO    | scrapers.base | Page 32 OK: https://books.toscrape.com/catalogue/page-32.html (20 items, running total 640)
2026-10-07 00:26:27,616 | INFO    | scrapers.base | Page 33 OK: https://books.toscrape.com/catalogue/page-33.html (20 items, running total 660)
2026-10-07 00:26:28,107 | INFO    | scrapers.base | Page 34 OK: https://books.toscrape.com/catalogue/page-34.html (20 items, running total 680)
2026-10-07 00:26:28,572 | INFO    | scrapers.base | Page 35 OK: https://books.toscrape.com/catalogue/page-35.html (20 items, running total 700)
2026-10-07 00:26:28,923 | INFO    | scrapers.base | Page 36 OK: https://books.toscrape.com/catalogue/page-36.html (20 items, running total 720)
2026-10-07 00:26:29,372 | INFO    | scrapers.base | Page 37 OK: https://books.toscrape.com/catalogue/page-37.html (20 items, running total 740)
2026-10-07 00:26:29,881 | INFO    | scrapers.base | Page 38 OK: https://books.toscrape.com/catalogue/page-38.html (20 items, running total 760)
2026-10-07 00:26:30,242 | INFO    | scrapers.base | Page 39 OK: https://books.toscrape.com/catalogue/page-39.html (20 items, running total 780)
2026-10-07 00:26:30,565 | INFO    | scrapers.base | Page 40 OK: https://books.toscrape.com/catalogue/page-40.html (20 items, running total 800)
2026-10-07 00:26:30,904 | INFO    | scrapers.base | Page 41 OK: https://books.toscrape.com/catalogue/page-41.html (20 items, running total 820)
2026-10-07 00:26:31,253 | INFO    | scrapers.base | Page 42 OK: https://books.toscrape.com/catalogue/page-42.html (20 items, running total 840)
2026-10-07 00:26:31,623 | INFO    | scrapers.base | Page 43 OK: https://books.toscrape.com/catalogue/page-43.html (20 items, running total 860)
2026-10-07 00:26:32,099 | INFO    | scrapers.base | Page 44 OK: https://books.toscrape.com/catalogue/page-44.html (20 items, running total 880)
2026-10-07 00:26:32,446 | INFO    | scrapers.base | Page 45 OK: https://books.toscrape.com/catalogue/page-45.html (20 items, running total 900)
2026-10-07 00:26:32,900 | INFO    | scrapers.base | Page 46 OK: https://books.toscrape.com/catalogue/page-46.html (20 items, running total 920)
2026-10-07 00:26:33,248 | INFO    | scrapers.base | Page 47 OK: https://books.toscrape.com/catalogue/page-47.html (20 items, running total 940)
2026-10-07 00:26:33,579 | INFO    | scrapers.base | Page 48 OK: https://books.toscrape.com/catalogue/page-48.html (20 items, running total 960)
2026-10-07 00:26:34,013 | INFO    | scrapers.base | Page 49 OK: https://books.toscrape.com/catalogue/page-49.html (20 items, running total 980)
2026-10-07 00:26:34,499 | INFO    | scrapers.base | Page 50 OK: https://books.toscrape.com/catalogue/page-50.html (20 items, running total 1000)
2026-10-07 00:26:34,500 | INFO    | scrapers.books_scraper | Fetching 1000 product pages with 4 workers
2026-10-07 00:29:55,266 | INFO    | scrapers.books_scraper | Finished Books to Scrape: 1000 raw records
2026-10-07 00:29:55,417 | INFO    | pipeline | Books to Scrape: collected=1000 cleaned=1000 rejected=0
2026-10-07 00:29:55,418 | INFO    | scrapers.quotes_scraper | Starting Quotes to Scrape
2026-10-07 00:29:57,035 | INFO    | scrapers.base | Page 1 OK: https://quotes.toscrape.com/ (10 items, running total 10)
2026-10-07 00:29:57,351 | INFO    | scrapers.base | Page 2 OK: https://quotes.toscrape.com/page/2/ (10 items, running total 20)
2026-10-07 00:29:57,684 | INFO    | scrapers.base | Page 3 OK: https://quotes.toscrape.com/page/3/ (10 items, running total 30)
2026-10-07 00:29:58,012 | INFO    | scrapers.base | Page 4 OK: https://quotes.toscrape.com/page/4/ (10 items, running total 40)
2026-10-07 00:29:58,331 | INFO    | scrapers.base | Page 5 OK: https://quotes.toscrape.com/page/5/ (10 items, running total 50)
2026-10-07 00:29:58,796 | INFO    | scrapers.base | Page 6 OK: https://quotes.toscrape.com/page/6/ (10 items, running total 60)
2026-10-07 00:29:59,120 | INFO    | scrapers.base | Page 7 OK: https://quotes.toscrape.com/page/7/ (10 items, running total 70)
2026-10-07 00:29:59,440 | INFO    | scrapers.base | Page 8 OK: https://quotes.toscrape.com/page/8/ (10 items, running total 80)
2026-10-07 00:29:59,751 | INFO    | scrapers.base | Page 9 OK: https://quotes.toscrape.com/page/9/ (10 items, running total 90)
2026-10-07 00:30:00,073 | INFO    | scrapers.base | Page 10 OK: https://quotes.toscrape.com/page/10/ (10 items, running total 100)
2026-10-07 00:30:00,074 | INFO    | scrapers.quotes_scraper | Fetching 50 author pages with 4 workers
2026-10-07 00:30:12,072 | INFO    | scrapers.quotes_scraper | Finished Quotes to Scrape: 100 raw records
2026-10-07 00:30:12,086 | INFO    | pipeline | Quotes to Scrape: collected=100 cleaned=100 rejected=0
2026-10-07 00:30:12,600 | INFO    | pipeline | Done in 240.2s: 1100 final records -> output\final_dataset.csv
